                              1 ;--------------------------------------------------------
                              2 ; File Created by SDCC : free open source ANSI-C Compiler
                              3 ; Version 3.6.9 #9960 (MINGW64)
                              4 ;--------------------------------------------------------
                              5 	.module bank2
                              6 	.optsdcc -mz80
                              7 	
                              8 ;--------------------------------------------------------
                              9 ; Public variables in this module
                             10 ;--------------------------------------------------------
                             11 	.globl _bank2_opt4_line3
                             12 	.globl _bank2_opt4_line2
                             13 	.globl _bank2_opt4_line1
                             14 	.globl _bank2_opt3_line3
                             15 	.globl _bank2_opt3_line2
                             16 	.globl _bank2_opt3_line1
                             17 	.globl _bank2_opt2_line3
                             18 	.globl _bank2_opt2_line2
                             19 	.globl _bank2_opt2_line1
                             20 	.globl _bank2_opt1_line3
                             21 	.globl _bank2_opt1_line2
                             22 	.globl _bank2_opt1_line1
                             23 	.globl _bank2_quiz_line3
                             24 	.globl _bank2_quiz_line2
                             25 	.globl _bank2_quiz_line1
                             26 ;--------------------------------------------------------
                             27 ; special function registers
                             28 ;--------------------------------------------------------
                             29 ;--------------------------------------------------------
                             30 ; ram data
                             31 ;--------------------------------------------------------
                             32 	.area _DATA
                             33 ;--------------------------------------------------------
                             34 ; ram data
                             35 ;--------------------------------------------------------
                             36 	.area _INITIALIZED
                             37 ;--------------------------------------------------------
                             38 ; absolute external ram data
                             39 ;--------------------------------------------------------
                             40 	.area _DABS (ABS)
                             41 ;--------------------------------------------------------
                             42 ; global & static initialisations
                             43 ;--------------------------------------------------------
                             44 	.area _HOME
                             45 	.area _GSINIT
                             46 	.area _GSFINAL
                             47 	.area _GSINIT
                             48 ;--------------------------------------------------------
                             49 ; Home
                             50 ;--------------------------------------------------------
                             51 	.area _HOME
                             52 	.area _HOME
                             53 ;--------------------------------------------------------
                             54 ; code
                             55 ;--------------------------------------------------------
                             56 	.area _CODE
                             57 	.area _CODE
                             58 	.area _BANK2
   0000                      59 _bank2_quiz_line1:
   0000 54                   60 	.db #0x54	; 84	'T'
   0001 48                   61 	.db #0x48	; 72	'H'
   0002 49                   62 	.db #0x49	; 73	'I'
   0003 53                   63 	.db #0x53	; 83	'S'
   0004 20                   64 	.db #0x20	; 32
   0005 49                   65 	.db #0x49	; 73	'I'
   0006 53                   66 	.db #0x53	; 83	'S'
   0007 20                   67 	.db #0x20	; 32
   0008 51                   68 	.db #0x51	; 81	'Q'
   0009 55                   69 	.db #0x55	; 85	'U'
   000A 45                   70 	.db #0x45	; 69	'E'
   000B 53                   71 	.db #0x53	; 83	'S'
   000C 54                   72 	.db #0x54	; 84	'T'
   000D 20                   73 	.db #0x20	; 32
   000E 31                   74 	.db #0x31	; 49	'1'
   000F 20                   75 	.db #0x20	; 32
   0010 4C                   76 	.db #0x4c	; 76	'L'
   0011 49                   77 	.db #0x49	; 73	'I'
   0012 4E                   78 	.db #0x4e	; 78	'N'
   0013 45                   79 	.db #0x45	; 69	'E'
   0014 20                   80 	.db #0x20	; 32
   0015 31                   81 	.db #0x31	; 49	'1'
   0016 20                   82 	.db #0x20	; 32
   0017 20                   83 	.db #0x20	; 32
   0018 20                   84 	.db #0x20	; 32
   0019 20                   85 	.db #0x20	; 32
   001A 20                   86 	.db #0x20	; 32
   001B 20                   87 	.db #0x20	; 32
   001C 20                   88 	.db #0x20	; 32
   001D 20                   89 	.db #0x20	; 32
   001E 00                   90 	.db #0x00	; 0
   001F 54                   91 	.db #0x54	; 84	'T'
   0020 48                   92 	.db #0x48	; 72	'H'
   0021 49                   93 	.db #0x49	; 73	'I'
   0022 53                   94 	.db #0x53	; 83	'S'
   0023 20                   95 	.db #0x20	; 32
   0024 49                   96 	.db #0x49	; 73	'I'
   0025 53                   97 	.db #0x53	; 83	'S'
   0026 20                   98 	.db #0x20	; 32
   0027 51                   99 	.db #0x51	; 81	'Q'
   0028 55                  100 	.db #0x55	; 85	'U'
   0029 45                  101 	.db #0x45	; 69	'E'
   002A 53                  102 	.db #0x53	; 83	'S'
   002B 54                  103 	.db #0x54	; 84	'T'
   002C 20                  104 	.db #0x20	; 32
   002D 32                  105 	.db #0x32	; 50	'2'
   002E 20                  106 	.db #0x20	; 32
   002F 4C                  107 	.db #0x4c	; 76	'L'
   0030 49                  108 	.db #0x49	; 73	'I'
   0031 4E                  109 	.db #0x4e	; 78	'N'
   0032 45                  110 	.db #0x45	; 69	'E'
   0033 20                  111 	.db #0x20	; 32
   0034 31                  112 	.db #0x31	; 49	'1'
   0035 20                  113 	.db #0x20	; 32
   0036 20                  114 	.db #0x20	; 32
   0037 20                  115 	.db #0x20	; 32
   0038 20                  116 	.db #0x20	; 32
   0039 20                  117 	.db #0x20	; 32
   003A 20                  118 	.db #0x20	; 32
   003B 20                  119 	.db #0x20	; 32
   003C 20                  120 	.db #0x20	; 32
   003D 00                  121 	.db #0x00	; 0
   003E                     122 _bank2_quiz_line2:
   003E 54                  123 	.db #0x54	; 84	'T'
   003F 48                  124 	.db #0x48	; 72	'H'
   0040 49                  125 	.db #0x49	; 73	'I'
   0041 53                  126 	.db #0x53	; 83	'S'
   0042 20                  127 	.db #0x20	; 32
   0043 49                  128 	.db #0x49	; 73	'I'
   0044 53                  129 	.db #0x53	; 83	'S'
   0045 20                  130 	.db #0x20	; 32
   0046 51                  131 	.db #0x51	; 81	'Q'
   0047 55                  132 	.db #0x55	; 85	'U'
   0048 45                  133 	.db #0x45	; 69	'E'
   0049 53                  134 	.db #0x53	; 83	'S'
   004A 54                  135 	.db #0x54	; 84	'T'
   004B 20                  136 	.db #0x20	; 32
   004C 31                  137 	.db #0x31	; 49	'1'
   004D 20                  138 	.db #0x20	; 32
   004E 4C                  139 	.db #0x4c	; 76	'L'
   004F 49                  140 	.db #0x49	; 73	'I'
   0050 4E                  141 	.db #0x4e	; 78	'N'
   0051 45                  142 	.db #0x45	; 69	'E'
   0052 20                  143 	.db #0x20	; 32
   0053 32                  144 	.db #0x32	; 50	'2'
   0054 20                  145 	.db #0x20	; 32
   0055 20                  146 	.db #0x20	; 32
   0056 20                  147 	.db #0x20	; 32
   0057 20                  148 	.db #0x20	; 32
   0058 20                  149 	.db #0x20	; 32
   0059 20                  150 	.db #0x20	; 32
   005A 20                  151 	.db #0x20	; 32
   005B 20                  152 	.db #0x20	; 32
   005C 00                  153 	.db #0x00	; 0
   005D 54                  154 	.db #0x54	; 84	'T'
   005E 48                  155 	.db #0x48	; 72	'H'
   005F 49                  156 	.db #0x49	; 73	'I'
   0060 53                  157 	.db #0x53	; 83	'S'
   0061 20                  158 	.db #0x20	; 32
   0062 49                  159 	.db #0x49	; 73	'I'
   0063 53                  160 	.db #0x53	; 83	'S'
   0064 20                  161 	.db #0x20	; 32
   0065 51                  162 	.db #0x51	; 81	'Q'
   0066 55                  163 	.db #0x55	; 85	'U'
   0067 45                  164 	.db #0x45	; 69	'E'
   0068 53                  165 	.db #0x53	; 83	'S'
   0069 54                  166 	.db #0x54	; 84	'T'
   006A 20                  167 	.db #0x20	; 32
   006B 32                  168 	.db #0x32	; 50	'2'
   006C 20                  169 	.db #0x20	; 32
   006D 4C                  170 	.db #0x4c	; 76	'L'
   006E 49                  171 	.db #0x49	; 73	'I'
   006F 4E                  172 	.db #0x4e	; 78	'N'
   0070 45                  173 	.db #0x45	; 69	'E'
   0071 20                  174 	.db #0x20	; 32
   0072 32                  175 	.db #0x32	; 50	'2'
   0073 20                  176 	.db #0x20	; 32
   0074 20                  177 	.db #0x20	; 32
   0075 20                  178 	.db #0x20	; 32
   0076 20                  179 	.db #0x20	; 32
   0077 20                  180 	.db #0x20	; 32
   0078 20                  181 	.db #0x20	; 32
   0079 20                  182 	.db #0x20	; 32
   007A 20                  183 	.db #0x20	; 32
   007B 00                  184 	.db #0x00	; 0
   007C                     185 _bank2_quiz_line3:
   007C 54                  186 	.db #0x54	; 84	'T'
   007D 48                  187 	.db #0x48	; 72	'H'
   007E 49                  188 	.db #0x49	; 73	'I'
   007F 53                  189 	.db #0x53	; 83	'S'
   0080 20                  190 	.db #0x20	; 32
   0081 49                  191 	.db #0x49	; 73	'I'
   0082 53                  192 	.db #0x53	; 83	'S'
   0083 20                  193 	.db #0x20	; 32
   0084 51                  194 	.db #0x51	; 81	'Q'
   0085 55                  195 	.db #0x55	; 85	'U'
   0086 45                  196 	.db #0x45	; 69	'E'
   0087 53                  197 	.db #0x53	; 83	'S'
   0088 54                  198 	.db #0x54	; 84	'T'
   0089 20                  199 	.db #0x20	; 32
   008A 31                  200 	.db #0x31	; 49	'1'
   008B 20                  201 	.db #0x20	; 32
   008C 4C                  202 	.db #0x4c	; 76	'L'
   008D 49                  203 	.db #0x49	; 73	'I'
   008E 4E                  204 	.db #0x4e	; 78	'N'
   008F 45                  205 	.db #0x45	; 69	'E'
   0090 20                  206 	.db #0x20	; 32
   0091 33                  207 	.db #0x33	; 51	'3'
   0092 20                  208 	.db #0x20	; 32
   0093 20                  209 	.db #0x20	; 32
   0094 20                  210 	.db #0x20	; 32
   0095 20                  211 	.db #0x20	; 32
   0096 20                  212 	.db #0x20	; 32
   0097 20                  213 	.db #0x20	; 32
   0098 20                  214 	.db #0x20	; 32
   0099 20                  215 	.db #0x20	; 32
   009A 00                  216 	.db #0x00	; 0
   009B 54                  217 	.db #0x54	; 84	'T'
   009C 48                  218 	.db #0x48	; 72	'H'
   009D 49                  219 	.db #0x49	; 73	'I'
   009E 53                  220 	.db #0x53	; 83	'S'
   009F 20                  221 	.db #0x20	; 32
   00A0 49                  222 	.db #0x49	; 73	'I'
   00A1 53                  223 	.db #0x53	; 83	'S'
   00A2 20                  224 	.db #0x20	; 32
   00A3 51                  225 	.db #0x51	; 81	'Q'
   00A4 55                  226 	.db #0x55	; 85	'U'
   00A5 45                  227 	.db #0x45	; 69	'E'
   00A6 53                  228 	.db #0x53	; 83	'S'
   00A7 54                  229 	.db #0x54	; 84	'T'
   00A8 20                  230 	.db #0x20	; 32
   00A9 32                  231 	.db #0x32	; 50	'2'
   00AA 20                  232 	.db #0x20	; 32
   00AB 4C                  233 	.db #0x4c	; 76	'L'
   00AC 49                  234 	.db #0x49	; 73	'I'
   00AD 4E                  235 	.db #0x4e	; 78	'N'
   00AE 45                  236 	.db #0x45	; 69	'E'
   00AF 20                  237 	.db #0x20	; 32
   00B0 33                  238 	.db #0x33	; 51	'3'
   00B1 20                  239 	.db #0x20	; 32
   00B2 20                  240 	.db #0x20	; 32
   00B3 20                  241 	.db #0x20	; 32
   00B4 20                  242 	.db #0x20	; 32
   00B5 20                  243 	.db #0x20	; 32
   00B6 20                  244 	.db #0x20	; 32
   00B7 20                  245 	.db #0x20	; 32
   00B8 20                  246 	.db #0x20	; 32
   00B9 00                  247 	.db #0x00	; 0
   00BA                     248 _bank2_opt1_line1:
   00BA 51                  249 	.db #0x51	; 81	'Q'
   00BB 23                  250 	.db #0x23	; 35
   00BC 31                  251 	.db #0x31	; 49	'1'
   00BD 20                  252 	.db #0x20	; 32
   00BE 4F                  253 	.db #0x4f	; 79	'O'
   00BF 50                  254 	.db #0x50	; 80	'P'
   00C0 31                  255 	.db #0x31	; 49	'1'
   00C1 20                  256 	.db #0x20	; 32
   00C2 4C                  257 	.db #0x4c	; 76	'L'
   00C3 4E                  258 	.db #0x4e	; 78	'N'
   00C4 31                  259 	.db #0x31	; 49	'1'
   00C5 20                  260 	.db #0x20	; 32
   00C6 20                  261 	.db #0x20	; 32
   00C7 20                  262 	.db #0x20	; 32
   00C8 20                  263 	.db #0x20	; 32
   00C9 20                  264 	.db #0x20	; 32
   00CA 20                  265 	.db #0x20	; 32
   00CB 00                  266 	.db #0x00	; 0
   00CC 51                  267 	.db #0x51	; 81	'Q'
   00CD 23                  268 	.db #0x23	; 35
   00CE 32                  269 	.db #0x32	; 50	'2'
   00CF 20                  270 	.db #0x20	; 32
   00D0 4F                  271 	.db #0x4f	; 79	'O'
   00D1 50                  272 	.db #0x50	; 80	'P'
   00D2 31                  273 	.db #0x31	; 49	'1'
   00D3 20                  274 	.db #0x20	; 32
   00D4 4C                  275 	.db #0x4c	; 76	'L'
   00D5 4E                  276 	.db #0x4e	; 78	'N'
   00D6 31                  277 	.db #0x31	; 49	'1'
   00D7 20                  278 	.db #0x20	; 32
   00D8 20                  279 	.db #0x20	; 32
   00D9 20                  280 	.db #0x20	; 32
   00DA 20                  281 	.db #0x20	; 32
   00DB 20                  282 	.db #0x20	; 32
   00DC 20                  283 	.db #0x20	; 32
   00DD 00                  284 	.db #0x00	; 0
   00DE                     285 _bank2_opt1_line2:
   00DE 51                  286 	.db #0x51	; 81	'Q'
   00DF 23                  287 	.db #0x23	; 35
   00E0 31                  288 	.db #0x31	; 49	'1'
   00E1 20                  289 	.db #0x20	; 32
   00E2 4F                  290 	.db #0x4f	; 79	'O'
   00E3 50                  291 	.db #0x50	; 80	'P'
   00E4 31                  292 	.db #0x31	; 49	'1'
   00E5 20                  293 	.db #0x20	; 32
   00E6 4C                  294 	.db #0x4c	; 76	'L'
   00E7 4E                  295 	.db #0x4e	; 78	'N'
   00E8 32                  296 	.db #0x32	; 50	'2'
   00E9 20                  297 	.db #0x20	; 32
   00EA 20                  298 	.db #0x20	; 32
   00EB 20                  299 	.db #0x20	; 32
   00EC 20                  300 	.db #0x20	; 32
   00ED 20                  301 	.db #0x20	; 32
   00EE 20                  302 	.db #0x20	; 32
   00EF 00                  303 	.db #0x00	; 0
   00F0 51                  304 	.db #0x51	; 81	'Q'
   00F1 23                  305 	.db #0x23	; 35
   00F2 32                  306 	.db #0x32	; 50	'2'
   00F3 20                  307 	.db #0x20	; 32
   00F4 4F                  308 	.db #0x4f	; 79	'O'
   00F5 50                  309 	.db #0x50	; 80	'P'
   00F6 31                  310 	.db #0x31	; 49	'1'
   00F7 20                  311 	.db #0x20	; 32
   00F8 4C                  312 	.db #0x4c	; 76	'L'
   00F9 4E                  313 	.db #0x4e	; 78	'N'
   00FA 32                  314 	.db #0x32	; 50	'2'
   00FB 20                  315 	.db #0x20	; 32
   00FC 20                  316 	.db #0x20	; 32
   00FD 20                  317 	.db #0x20	; 32
   00FE 20                  318 	.db #0x20	; 32
   00FF 20                  319 	.db #0x20	; 32
   0100 20                  320 	.db #0x20	; 32
   0101 00                  321 	.db #0x00	; 0
   0102                     322 _bank2_opt1_line3:
   0102 51                  323 	.db #0x51	; 81	'Q'
   0103 23                  324 	.db #0x23	; 35
   0104 31                  325 	.db #0x31	; 49	'1'
   0105 20                  326 	.db #0x20	; 32
   0106 4F                  327 	.db #0x4f	; 79	'O'
   0107 50                  328 	.db #0x50	; 80	'P'
   0108 31                  329 	.db #0x31	; 49	'1'
   0109 20                  330 	.db #0x20	; 32
   010A 4C                  331 	.db #0x4c	; 76	'L'
   010B 4E                  332 	.db #0x4e	; 78	'N'
   010C 33                  333 	.db #0x33	; 51	'3'
   010D 20                  334 	.db #0x20	; 32
   010E 20                  335 	.db #0x20	; 32
   010F 20                  336 	.db #0x20	; 32
   0110 20                  337 	.db #0x20	; 32
   0111 20                  338 	.db #0x20	; 32
   0112 20                  339 	.db #0x20	; 32
   0113 00                  340 	.db #0x00	; 0
   0114 51                  341 	.db #0x51	; 81	'Q'
   0115 23                  342 	.db #0x23	; 35
   0116 32                  343 	.db #0x32	; 50	'2'
   0117 20                  344 	.db #0x20	; 32
   0118 4F                  345 	.db #0x4f	; 79	'O'
   0119 50                  346 	.db #0x50	; 80	'P'
   011A 31                  347 	.db #0x31	; 49	'1'
   011B 20                  348 	.db #0x20	; 32
   011C 4C                  349 	.db #0x4c	; 76	'L'
   011D 4E                  350 	.db #0x4e	; 78	'N'
   011E 33                  351 	.db #0x33	; 51	'3'
   011F 20                  352 	.db #0x20	; 32
   0120 20                  353 	.db #0x20	; 32
   0121 20                  354 	.db #0x20	; 32
   0122 20                  355 	.db #0x20	; 32
   0123 20                  356 	.db #0x20	; 32
   0124 20                  357 	.db #0x20	; 32
   0125 00                  358 	.db #0x00	; 0
   0126                     359 _bank2_opt2_line1:
   0126 51                  360 	.db #0x51	; 81	'Q'
   0127 23                  361 	.db #0x23	; 35
   0128 31                  362 	.db #0x31	; 49	'1'
   0129 20                  363 	.db #0x20	; 32
   012A 4F                  364 	.db #0x4f	; 79	'O'
   012B 50                  365 	.db #0x50	; 80	'P'
   012C 32                  366 	.db #0x32	; 50	'2'
   012D 20                  367 	.db #0x20	; 32
   012E 4C                  368 	.db #0x4c	; 76	'L'
   012F 4E                  369 	.db #0x4e	; 78	'N'
   0130 31                  370 	.db #0x31	; 49	'1'
   0131 20                  371 	.db #0x20	; 32
   0132 20                  372 	.db #0x20	; 32
   0133 20                  373 	.db #0x20	; 32
   0134 20                  374 	.db #0x20	; 32
   0135 20                  375 	.db #0x20	; 32
   0136 20                  376 	.db #0x20	; 32
   0137 00                  377 	.db #0x00	; 0
   0138 51                  378 	.db #0x51	; 81	'Q'
   0139 23                  379 	.db #0x23	; 35
   013A 32                  380 	.db #0x32	; 50	'2'
   013B 20                  381 	.db #0x20	; 32
   013C 4F                  382 	.db #0x4f	; 79	'O'
   013D 50                  383 	.db #0x50	; 80	'P'
   013E 32                  384 	.db #0x32	; 50	'2'
   013F 20                  385 	.db #0x20	; 32
   0140 4C                  386 	.db #0x4c	; 76	'L'
   0141 4E                  387 	.db #0x4e	; 78	'N'
   0142 31                  388 	.db #0x31	; 49	'1'
   0143 20                  389 	.db #0x20	; 32
   0144 20                  390 	.db #0x20	; 32
   0145 20                  391 	.db #0x20	; 32
   0146 20                  392 	.db #0x20	; 32
   0147 20                  393 	.db #0x20	; 32
   0148 20                  394 	.db #0x20	; 32
   0149 00                  395 	.db #0x00	; 0
   014A                     396 _bank2_opt2_line2:
   014A 51                  397 	.db #0x51	; 81	'Q'
   014B 23                  398 	.db #0x23	; 35
   014C 31                  399 	.db #0x31	; 49	'1'
   014D 20                  400 	.db #0x20	; 32
   014E 4F                  401 	.db #0x4f	; 79	'O'
   014F 50                  402 	.db #0x50	; 80	'P'
   0150 32                  403 	.db #0x32	; 50	'2'
   0151 20                  404 	.db #0x20	; 32
   0152 4C                  405 	.db #0x4c	; 76	'L'
   0153 4E                  406 	.db #0x4e	; 78	'N'
   0154 32                  407 	.db #0x32	; 50	'2'
   0155 20                  408 	.db #0x20	; 32
   0156 20                  409 	.db #0x20	; 32
   0157 20                  410 	.db #0x20	; 32
   0158 20                  411 	.db #0x20	; 32
   0159 20                  412 	.db #0x20	; 32
   015A 20                  413 	.db #0x20	; 32
   015B 00                  414 	.db #0x00	; 0
   015C 51                  415 	.db #0x51	; 81	'Q'
   015D 23                  416 	.db #0x23	; 35
   015E 32                  417 	.db #0x32	; 50	'2'
   015F 20                  418 	.db #0x20	; 32
   0160 4F                  419 	.db #0x4f	; 79	'O'
   0161 50                  420 	.db #0x50	; 80	'P'
   0162 32                  421 	.db #0x32	; 50	'2'
   0163 20                  422 	.db #0x20	; 32
   0164 4C                  423 	.db #0x4c	; 76	'L'
   0165 4E                  424 	.db #0x4e	; 78	'N'
   0166 32                  425 	.db #0x32	; 50	'2'
   0167 20                  426 	.db #0x20	; 32
   0168 20                  427 	.db #0x20	; 32
   0169 20                  428 	.db #0x20	; 32
   016A 20                  429 	.db #0x20	; 32
   016B 20                  430 	.db #0x20	; 32
   016C 20                  431 	.db #0x20	; 32
   016D 00                  432 	.db #0x00	; 0
   016E                     433 _bank2_opt2_line3:
   016E 51                  434 	.db #0x51	; 81	'Q'
   016F 23                  435 	.db #0x23	; 35
   0170 31                  436 	.db #0x31	; 49	'1'
   0171 20                  437 	.db #0x20	; 32
   0172 4F                  438 	.db #0x4f	; 79	'O'
   0173 50                  439 	.db #0x50	; 80	'P'
   0174 32                  440 	.db #0x32	; 50	'2'
   0175 20                  441 	.db #0x20	; 32
   0176 4C                  442 	.db #0x4c	; 76	'L'
   0177 4E                  443 	.db #0x4e	; 78	'N'
   0178 33                  444 	.db #0x33	; 51	'3'
   0179 20                  445 	.db #0x20	; 32
   017A 20                  446 	.db #0x20	; 32
   017B 20                  447 	.db #0x20	; 32
   017C 20                  448 	.db #0x20	; 32
   017D 20                  449 	.db #0x20	; 32
   017E 20                  450 	.db #0x20	; 32
   017F 00                  451 	.db #0x00	; 0
   0180 51                  452 	.db #0x51	; 81	'Q'
   0181 23                  453 	.db #0x23	; 35
   0182 32                  454 	.db #0x32	; 50	'2'
   0183 20                  455 	.db #0x20	; 32
   0184 4F                  456 	.db #0x4f	; 79	'O'
   0185 50                  457 	.db #0x50	; 80	'P'
   0186 32                  458 	.db #0x32	; 50	'2'
   0187 20                  459 	.db #0x20	; 32
   0188 4C                  460 	.db #0x4c	; 76	'L'
   0189 4E                  461 	.db #0x4e	; 78	'N'
   018A 33                  462 	.db #0x33	; 51	'3'
   018B 20                  463 	.db #0x20	; 32
   018C 20                  464 	.db #0x20	; 32
   018D 20                  465 	.db #0x20	; 32
   018E 20                  466 	.db #0x20	; 32
   018F 20                  467 	.db #0x20	; 32
   0190 20                  468 	.db #0x20	; 32
   0191 00                  469 	.db #0x00	; 0
   0192                     470 _bank2_opt3_line1:
   0192 51                  471 	.db #0x51	; 81	'Q'
   0193 23                  472 	.db #0x23	; 35
   0194 31                  473 	.db #0x31	; 49	'1'
   0195 20                  474 	.db #0x20	; 32
   0196 4F                  475 	.db #0x4f	; 79	'O'
   0197 50                  476 	.db #0x50	; 80	'P'
   0198 33                  477 	.db #0x33	; 51	'3'
   0199 20                  478 	.db #0x20	; 32
   019A 4C                  479 	.db #0x4c	; 76	'L'
   019B 4E                  480 	.db #0x4e	; 78	'N'
   019C 31                  481 	.db #0x31	; 49	'1'
   019D 20                  482 	.db #0x20	; 32
   019E 20                  483 	.db #0x20	; 32
   019F 20                  484 	.db #0x20	; 32
   01A0 20                  485 	.db #0x20	; 32
   01A1 20                  486 	.db #0x20	; 32
   01A2 20                  487 	.db #0x20	; 32
   01A3 00                  488 	.db #0x00	; 0
   01A4 51                  489 	.db #0x51	; 81	'Q'
   01A5 23                  490 	.db #0x23	; 35
   01A6 32                  491 	.db #0x32	; 50	'2'
   01A7 20                  492 	.db #0x20	; 32
   01A8 4F                  493 	.db #0x4f	; 79	'O'
   01A9 50                  494 	.db #0x50	; 80	'P'
   01AA 33                  495 	.db #0x33	; 51	'3'
   01AB 20                  496 	.db #0x20	; 32
   01AC 4C                  497 	.db #0x4c	; 76	'L'
   01AD 4E                  498 	.db #0x4e	; 78	'N'
   01AE 31                  499 	.db #0x31	; 49	'1'
   01AF 20                  500 	.db #0x20	; 32
   01B0 20                  501 	.db #0x20	; 32
   01B1 20                  502 	.db #0x20	; 32
   01B2 20                  503 	.db #0x20	; 32
   01B3 20                  504 	.db #0x20	; 32
   01B4 20                  505 	.db #0x20	; 32
   01B5 00                  506 	.db #0x00	; 0
   01B6                     507 _bank2_opt3_line2:
   01B6 51                  508 	.db #0x51	; 81	'Q'
   01B7 23                  509 	.db #0x23	; 35
   01B8 31                  510 	.db #0x31	; 49	'1'
   01B9 20                  511 	.db #0x20	; 32
   01BA 4F                  512 	.db #0x4f	; 79	'O'
   01BB 50                  513 	.db #0x50	; 80	'P'
   01BC 33                  514 	.db #0x33	; 51	'3'
   01BD 20                  515 	.db #0x20	; 32
   01BE 4C                  516 	.db #0x4c	; 76	'L'
   01BF 4E                  517 	.db #0x4e	; 78	'N'
   01C0 32                  518 	.db #0x32	; 50	'2'
   01C1 20                  519 	.db #0x20	; 32
   01C2 20                  520 	.db #0x20	; 32
   01C3 20                  521 	.db #0x20	; 32
   01C4 20                  522 	.db #0x20	; 32
   01C5 20                  523 	.db #0x20	; 32
   01C6 20                  524 	.db #0x20	; 32
   01C7 00                  525 	.db #0x00	; 0
   01C8 51                  526 	.db #0x51	; 81	'Q'
   01C9 23                  527 	.db #0x23	; 35
   01CA 32                  528 	.db #0x32	; 50	'2'
   01CB 20                  529 	.db #0x20	; 32
   01CC 4F                  530 	.db #0x4f	; 79	'O'
   01CD 50                  531 	.db #0x50	; 80	'P'
   01CE 33                  532 	.db #0x33	; 51	'3'
   01CF 20                  533 	.db #0x20	; 32
   01D0 4C                  534 	.db #0x4c	; 76	'L'
   01D1 4E                  535 	.db #0x4e	; 78	'N'
   01D2 32                  536 	.db #0x32	; 50	'2'
   01D3 20                  537 	.db #0x20	; 32
   01D4 20                  538 	.db #0x20	; 32
   01D5 20                  539 	.db #0x20	; 32
   01D6 20                  540 	.db #0x20	; 32
   01D7 20                  541 	.db #0x20	; 32
   01D8 20                  542 	.db #0x20	; 32
   01D9 00                  543 	.db #0x00	; 0
   01DA                     544 _bank2_opt3_line3:
   01DA 51                  545 	.db #0x51	; 81	'Q'
   01DB 23                  546 	.db #0x23	; 35
   01DC 31                  547 	.db #0x31	; 49	'1'
   01DD 20                  548 	.db #0x20	; 32
   01DE 4F                  549 	.db #0x4f	; 79	'O'
   01DF 50                  550 	.db #0x50	; 80	'P'
   01E0 33                  551 	.db #0x33	; 51	'3'
   01E1 20                  552 	.db #0x20	; 32
   01E2 4C                  553 	.db #0x4c	; 76	'L'
   01E3 4E                  554 	.db #0x4e	; 78	'N'
   01E4 33                  555 	.db #0x33	; 51	'3'
   01E5 20                  556 	.db #0x20	; 32
   01E6 20                  557 	.db #0x20	; 32
   01E7 20                  558 	.db #0x20	; 32
   01E8 20                  559 	.db #0x20	; 32
   01E9 20                  560 	.db #0x20	; 32
   01EA 20                  561 	.db #0x20	; 32
   01EB 00                  562 	.db #0x00	; 0
   01EC 51                  563 	.db #0x51	; 81	'Q'
   01ED 23                  564 	.db #0x23	; 35
   01EE 32                  565 	.db #0x32	; 50	'2'
   01EF 20                  566 	.db #0x20	; 32
   01F0 4F                  567 	.db #0x4f	; 79	'O'
   01F1 50                  568 	.db #0x50	; 80	'P'
   01F2 33                  569 	.db #0x33	; 51	'3'
   01F3 20                  570 	.db #0x20	; 32
   01F4 4C                  571 	.db #0x4c	; 76	'L'
   01F5 4E                  572 	.db #0x4e	; 78	'N'
   01F6 33                  573 	.db #0x33	; 51	'3'
   01F7 20                  574 	.db #0x20	; 32
   01F8 20                  575 	.db #0x20	; 32
   01F9 20                  576 	.db #0x20	; 32
   01FA 20                  577 	.db #0x20	; 32
   01FB 20                  578 	.db #0x20	; 32
   01FC 20                  579 	.db #0x20	; 32
   01FD 00                  580 	.db #0x00	; 0
   01FE                     581 _bank2_opt4_line1:
   01FE 51                  582 	.db #0x51	; 81	'Q'
   01FF 23                  583 	.db #0x23	; 35
   0200 31                  584 	.db #0x31	; 49	'1'
   0201 20                  585 	.db #0x20	; 32
   0202 4F                  586 	.db #0x4f	; 79	'O'
   0203 50                  587 	.db #0x50	; 80	'P'
   0204 34                  588 	.db #0x34	; 52	'4'
   0205 20                  589 	.db #0x20	; 32
   0206 4C                  590 	.db #0x4c	; 76	'L'
   0207 4E                  591 	.db #0x4e	; 78	'N'
   0208 31                  592 	.db #0x31	; 49	'1'
   0209 20                  593 	.db #0x20	; 32
   020A 20                  594 	.db #0x20	; 32
   020B 20                  595 	.db #0x20	; 32
   020C 20                  596 	.db #0x20	; 32
   020D 20                  597 	.db #0x20	; 32
   020E 20                  598 	.db #0x20	; 32
   020F 00                  599 	.db #0x00	; 0
   0210 51                  600 	.db #0x51	; 81	'Q'
   0211 23                  601 	.db #0x23	; 35
   0212 32                  602 	.db #0x32	; 50	'2'
   0213 20                  603 	.db #0x20	; 32
   0214 4F                  604 	.db #0x4f	; 79	'O'
   0215 50                  605 	.db #0x50	; 80	'P'
   0216 34                  606 	.db #0x34	; 52	'4'
   0217 20                  607 	.db #0x20	; 32
   0218 4C                  608 	.db #0x4c	; 76	'L'
   0219 4E                  609 	.db #0x4e	; 78	'N'
   021A 31                  610 	.db #0x31	; 49	'1'
   021B 20                  611 	.db #0x20	; 32
   021C 20                  612 	.db #0x20	; 32
   021D 20                  613 	.db #0x20	; 32
   021E 20                  614 	.db #0x20	; 32
   021F 20                  615 	.db #0x20	; 32
   0220 20                  616 	.db #0x20	; 32
   0221 00                  617 	.db #0x00	; 0
   0222                     618 _bank2_opt4_line2:
   0222 51                  619 	.db #0x51	; 81	'Q'
   0223 23                  620 	.db #0x23	; 35
   0224 31                  621 	.db #0x31	; 49	'1'
   0225 20                  622 	.db #0x20	; 32
   0226 4F                  623 	.db #0x4f	; 79	'O'
   0227 50                  624 	.db #0x50	; 80	'P'
   0228 34                  625 	.db #0x34	; 52	'4'
   0229 20                  626 	.db #0x20	; 32
   022A 4C                  627 	.db #0x4c	; 76	'L'
   022B 4E                  628 	.db #0x4e	; 78	'N'
   022C 32                  629 	.db #0x32	; 50	'2'
   022D 20                  630 	.db #0x20	; 32
   022E 20                  631 	.db #0x20	; 32
   022F 20                  632 	.db #0x20	; 32
   0230 20                  633 	.db #0x20	; 32
   0231 20                  634 	.db #0x20	; 32
   0232 20                  635 	.db #0x20	; 32
   0233 00                  636 	.db #0x00	; 0
   0234 51                  637 	.db #0x51	; 81	'Q'
   0235 23                  638 	.db #0x23	; 35
   0236 32                  639 	.db #0x32	; 50	'2'
   0237 20                  640 	.db #0x20	; 32
   0238 4F                  641 	.db #0x4f	; 79	'O'
   0239 50                  642 	.db #0x50	; 80	'P'
   023A 34                  643 	.db #0x34	; 52	'4'
   023B 20                  644 	.db #0x20	; 32
   023C 4C                  645 	.db #0x4c	; 76	'L'
   023D 4E                  646 	.db #0x4e	; 78	'N'
   023E 32                  647 	.db #0x32	; 50	'2'
   023F 20                  648 	.db #0x20	; 32
   0240 20                  649 	.db #0x20	; 32
   0241 20                  650 	.db #0x20	; 32
   0242 20                  651 	.db #0x20	; 32
   0243 20                  652 	.db #0x20	; 32
   0244 20                  653 	.db #0x20	; 32
   0245 00                  654 	.db #0x00	; 0
   0246                     655 _bank2_opt4_line3:
   0246 51                  656 	.db #0x51	; 81	'Q'
   0247 23                  657 	.db #0x23	; 35
   0248 31                  658 	.db #0x31	; 49	'1'
   0249 20                  659 	.db #0x20	; 32
   024A 4F                  660 	.db #0x4f	; 79	'O'
   024B 50                  661 	.db #0x50	; 80	'P'
   024C 34                  662 	.db #0x34	; 52	'4'
   024D 20                  663 	.db #0x20	; 32
   024E 4C                  664 	.db #0x4c	; 76	'L'
   024F 4E                  665 	.db #0x4e	; 78	'N'
   0250 33                  666 	.db #0x33	; 51	'3'
   0251 20                  667 	.db #0x20	; 32
   0252 20                  668 	.db #0x20	; 32
   0253 20                  669 	.db #0x20	; 32
   0254 20                  670 	.db #0x20	; 32
   0255 20                  671 	.db #0x20	; 32
   0256 20                  672 	.db #0x20	; 32
   0257 00                  673 	.db #0x00	; 0
   0258 51                  674 	.db #0x51	; 81	'Q'
   0259 23                  675 	.db #0x23	; 35
   025A 32                  676 	.db #0x32	; 50	'2'
   025B 20                  677 	.db #0x20	; 32
   025C 4F                  678 	.db #0x4f	; 79	'O'
   025D 50                  679 	.db #0x50	; 80	'P'
   025E 34                  680 	.db #0x34	; 52	'4'
   025F 20                  681 	.db #0x20	; 32
   0260 4C                  682 	.db #0x4c	; 76	'L'
   0261 4E                  683 	.db #0x4e	; 78	'N'
   0262 33                  684 	.db #0x33	; 51	'3'
   0263 20                  685 	.db #0x20	; 32
   0264 20                  686 	.db #0x20	; 32
   0265 20                  687 	.db #0x20	; 32
   0266 20                  688 	.db #0x20	; 32
   0267 20                  689 	.db #0x20	; 32
   0268 20                  690 	.db #0x20	; 32
   0269 00                  691 	.db #0x00	; 0
                            692 	.area _INITIALIZER
                            693 	.area _CABS (ABS)
