                              1 ;--------------------------------------------------------
                              2 ; File Created by SDCC : free open source ANSI-C Compiler
                              3 ; Version 3.6.9 #9960 (MINGW64)
                              4 ;--------------------------------------------------------
                              5 	.module bank3
                              6 	.optsdcc -mz80
                              7 	
                              8 ;--------------------------------------------------------
                              9 ; Public variables in this module
                             10 ;--------------------------------------------------------
                             11 	.globl _Lisa_Answer
                             12 	.globl _Lisa_OptionB
                             13 	.globl _Lisa_OptionA
                             14 	.globl _Lisa__palette__bin
                             15 ;--------------------------------------------------------
                             16 ; special function registers
                             17 ;--------------------------------------------------------
                             18 ;--------------------------------------------------------
                             19 ; ram data
                             20 ;--------------------------------------------------------
                             21 	.area _DATA
                             22 ;--------------------------------------------------------
                             23 ; ram data
                             24 ;--------------------------------------------------------
                             25 	.area _INITIALIZED
                             26 ;--------------------------------------------------------
                             27 ; absolute external ram data
                             28 ;--------------------------------------------------------
                             29 	.area _DABS (ABS)
                             30 ;--------------------------------------------------------
                             31 ; global & static initialisations
                             32 ;--------------------------------------------------------
                             33 	.area _HOME
                             34 	.area _GSINIT
                             35 	.area _GSFINAL
                             36 	.area _GSINIT
                             37 ;--------------------------------------------------------
                             38 ; Home
                             39 ;--------------------------------------------------------
                             40 	.area _HOME
                             41 	.area _HOME
                             42 ;--------------------------------------------------------
                             43 ; code
                             44 ;--------------------------------------------------------
                             45 	.area _CODE
                             46 	.area _CODE
                             47 	.area _BANK3
   0000                      48 _Lisa__palette__bin:
   0000 53                   49 	.db #0x53	; 83	'S'
   0001 42                   50 	.db #0x42	; 66	'B'
   0002 43                   51 	.db #0x43	; 67	'C'
   0003 44                   52 	.db #0x44	; 68	'D'
   0004 46                   53 	.db #0x46	; 70	'F'
   0005 46                   54 	.db #0x46	; 70	'F'
   0006 00                   55 	.db #0x00	; 0
   0007 41                   56 	.db #0x41	; 65	'A'
   0008 20                   57 	.db #0x20	; 32
   0009 42                   58 	.db #0x42	; 66	'B'
   000A 5F                   59 	.db #0x5f	; 95
   000B 46                   60 	.db #0x46	; 70	'F'
   000C 46                   61 	.db #0x46	; 70	'F'
   000D 00                   62 	.db #0x00	; 0
   000E 5F                   63 	.db #0x5f	; 95
   000F 42                   64 	.db #0x42	; 66	'B'
   0010 20                   65 	.db #0x20	; 32
   0011 5F                   66 	.db #0x5f	; 95
   0012 46                   67 	.db #0x46	; 70	'F'
   0013 46                   68 	.db #0x46	; 70	'F'
   0014 00                   69 	.db #0x00	; 0
   0015 44                   70 	.db #0x44	; 68	'D'
   0016 43                   71 	.db #0x43	; 67	'C'
   0017 42                   72 	.db #0x42	; 66	'B'
   0018 41                   73 	.db #0x41	; 65	'A'
   0019 46                   74 	.db #0x46	; 70	'F'
   001A 49                   75 	.db #0x49	; 73	'I'
   001B 00                   76 	.db #0x00	; 0
   001C                      77 _Lisa_OptionA:
   001C 51                   78 	.db #0x51	; 81	'Q'
   001D 42                   79 	.db #0x42	; 66	'B'
   001E 00                   80 	.db #0x00	; 0
   001F 51                   81 	.db #0x51	; 81	'Q'
   0020 20                   82 	.db #0x20	; 32
   0021 00                   83 	.db #0x00	; 0
   0022 5F                   84 	.db #0x5f	; 95
   0023 42                   85 	.db #0x42	; 66	'B'
   0024 00                   86 	.db #0x00	; 0
   0025 55                   87 	.db #0x55	; 85	'U'
   0026 43                   88 	.db #0x43	; 67	'C'
   0027 00                   89 	.db #0x00	; 0
   0028                      90 _Lisa_OptionB:
   0028 52                   91 	.db #0x52	; 82	'R'
   0029 42                   92 	.db #0x42	; 66	'B'
   002A 00                   93 	.db #0x00	; 0
   002B 52                   94 	.db #0x52	; 82	'R'
   002C 20                   95 	.db #0x20	; 32
   002D 00                   96 	.db #0x00	; 0
   002E 5E                   97 	.db #0x5e	; 94
   002F 42                   98 	.db #0x42	; 66	'B'
   0030 00                   99 	.db #0x00	; 0
   0031 53                  100 	.db #0x53	; 83	'S'
   0032 43                  101 	.db #0x43	; 67	'C'
   0033 00                  102 	.db #0x00	; 0
   0034                     103 _Lisa_Answer:
   0034 08                  104 	.db #0x08	; 8
   0035 04                  105 	.db #0x04	; 4
   0036 02                  106 	.db #0x02	; 2
   0037 01                  107 	.db #0x01	; 1
                            108 	.area _INITIALIZER
                            109 	.area _CABS (ABS)
